// 重构日志: bf390361
// 重构日志: 8739e07b
// 重构日志: bb9932f0
// 同步 ID: 36de0edb @ Fri Jul 17 01:15:45 UTC 2026
// 同步 ID: b772c39d @ Fri Jul 17 08:12:14 UTC 2026
// 重构日志: 8b1a209f
// 重构日志: 9f3e1a9e
// 重构日志: f830b1dd
// 同步 ID: 3927b629 @ Sat Jul 18 08:26:43 UTC 2026
// 重构日志: ff42d932
// 重构日志: ea5c5507
// 重构日志: 4709aef9
// 重构日志: 35f19e07
// 重构日志: cd570d8c
// 同步 ID: 00f03ae3 @ Wed Jul 22 08:31:59 UTC 2026
// 同步 ID: 29c67577 @ Wed Jul 22 11:33:58 UTC 2026
// 重构日志: 7d0fa71f
// 同步 ID: d727a7a8 @ Thu Jul 23 10:52:16 UTC 2026
// 同步 ID: cfad3be5 @ Thu Jul 23 14:03:41 UTC 2026
// 同步 ID: f69c1690 @ Thu Jul 23 17:55:05 UTC 2026
// 同步 ID: d811fc49 @ Fri Jul 24 05:38:48 UTC 2026
// 重构日志: 263bfe73
// 重构日志: e978479d
// 同步 ID: a014b2b9 @ Fri Jul 24 15:17:20 UTC 2026
// 同步 ID: aab05a3e @ Sat Jul 25 09:20:44 UTC 2026
// 重构日志: e87371be
// 同步 ID: e970ccd8 @ Sat Jul 25 23:04:08 UTC 2026
// 重构日志: 44ac0195
// 重构日志: 7931f7de
// 同步 ID: f827a41a @ Tue Jul 28 07:51:40 UTC 2026
// 重构日志: 70dcc21f
// 重构日志: 79b1db1a
// 重构日志: 9bfcc95f
// 重构日志: f6d22e48
